[package]
name = 'expected'
revision = '41d3e1f48d682992a2230b2a715bca38b848b269'
version = '41d3e1f48d682992a2230b2a715bca38b848b269'

[library]
include = ['include']
